2026-01-02 10:06:01,963 - app.main - INFO - ================================================================================
2026-01-02 10:06:01,963 - app.main - INFO - [INICIO] Sync Mantenimientos Service v1.0.0
2026-01-02 10:06:01,963 - app.main - INFO - ================================================================================
2026-01-02 10:06:01,963 - app.main - INFO - Host: 0.0.0.0:8001
2026-01-02 10:06:01,963 - app.main - INFO - Debug: True
2026-01-02 10:06:01,963 - app.main - INFO - Log Level: INFO
2026-01-02 10:06:01,963 - app.main - INFO - 
2026-01-02 10:06:01,963 - app.main - INFO - CRM Configuration:
2026-01-02 10:06:01,963 - app.main - INFO -   Base URL: https://crmcotel.com.co
2026-01-02 10:06:01,963 - app.main - INFO -   Client ID: ...
2026-01-02 10:06:01,963 - app.main - INFO -   Token URL: https://crmcotel.com.co/crm/Api/access_token
2026-01-02 10:06:01,963 - app.main - INFO -   Equipos URL: https://crmcotel.com.co/crm/Api/V8/custom/IA/equipos-info
2026-01-02 10:06:01,963 - app.main - INFO - 
2026-01-02 10:06:01,963 - app.main - INFO - Database API Configuration:
2026-01-02 10:06:01,963 - app.main - INFO -   API URL: 
2026-01-02 10:06:01,963 - app.main - INFO -   Schema: monitoreo_equipos
2026-01-02 10:06:01,963 - app.main - INFO -   Tabla origen: dispositivos
2026-01-02 10:06:01,967 - app.main - INFO -   Tabla destino: mantenimientos
2026-01-02 10:06:01,967 - app.main - INFO - 
2026-01-02 10:06:01,967 - app.main - INFO - Dispositivos Configuration:
2026-01-02 10:06:01,967 - app.main - INFO -   Campo serial: serial_number_device
2026-01-02 10:06:01,967 - app.main - INFO - 
2026-01-02 10:06:01,967 - app.main - INFO - Sync Configuration:
2026-01-02 10:06:01,967 - app.main - INFO -   Batch Size: 100
2026-01-02 10:06:01,967 - app.main - INFO -   Max Retries: 3
2026-01-02 10:06:01,968 - app.main - INFO - 
2026-01-02 10:06:03,111 - app.main - INFO - ================================================================================
2026-01-02 10:06:03,111 - app.main - INFO - [INICIO] Sync Mantenimientos Service v1.0.0
2026-01-02 10:06:03,111 - app.main - INFO - ================================================================================
2026-01-02 10:06:03,111 - app.main - INFO - Host: 0.0.0.0:8001
2026-01-02 10:06:03,111 - app.main - INFO - Debug: True
2026-01-02 10:06:03,111 - app.main - INFO - Log Level: INFO
2026-01-02 10:06:03,111 - app.main - INFO - 
2026-01-02 10:06:03,111 - app.main - INFO - CRM Configuration:
2026-01-02 10:06:03,111 - app.main - INFO -   Base URL: https://crmcotel.com.co
2026-01-02 10:06:03,111 - app.main - INFO -   Client ID: ...
2026-01-02 10:06:03,111 - app.main - INFO -   Token URL: https://crmcotel.com.co/crm/Api/access_token
2026-01-02 10:06:03,111 - app.main - INFO -   Equipos URL: https://crmcotel.com.co/crm/Api/V8/custom/IA/equipos-info
2026-01-02 10:06:03,111 - app.main - INFO - 
2026-01-02 10:06:03,111 - app.main - INFO - Database API Configuration:
2026-01-02 10:06:03,111 - app.main - INFO -   API URL: 
2026-01-02 10:06:03,111 - app.main - INFO -   Schema: monitoreo_equipos
2026-01-02 10:06:03,111 - app.main - INFO -   Tabla origen: dispositivos
2026-01-02 10:06:03,111 - app.main - INFO -   Tabla destino: mantenimientos
2026-01-02 10:06:03,111 - app.main - INFO - 
2026-01-02 10:06:03,111 - app.main - INFO - Dispositivos Configuration:
2026-01-02 10:06:03,111 - app.main - INFO -   Campo serial: serial_number_device
2026-01-02 10:06:03,111 - app.main - INFO - 
2026-01-02 10:06:03,111 - app.main - INFO - Sync Configuration:
2026-01-02 10:06:03,111 - app.main - INFO -   Batch Size: 100
2026-01-02 10:06:03,111 - app.main - INFO -   Max Retries: 3
2026-01-02 10:06:03,111 - app.main - INFO - 
2026-01-02 10:06:04,095 - app.main - INFO - ================================================================================
2026-01-02 10:06:04,095 - app.main - INFO - [INICIO] Sync Mantenimientos Service v1.0.0
2026-01-02 10:06:04,095 - app.main - INFO - ================================================================================
2026-01-02 10:06:04,095 - app.main - INFO - Host: 0.0.0.0:8001
2026-01-02 10:06:04,095 - app.main - INFO - Debug: True
2026-01-02 10:06:04,095 - app.main - INFO - Log Level: INFO
2026-01-02 10:06:04,095 - app.main - INFO - 
2026-01-02 10:06:04,096 - app.main - INFO - CRM Configuration:
2026-01-02 10:06:04,096 - app.main - INFO -   Base URL: https://crmcotel.com.co
2026-01-02 10:06:04,096 - app.main - INFO -   Client ID: ...
2026-01-02 10:06:04,096 - app.main - INFO -   Token URL: https://crmcotel.com.co/crm/Api/access_token
2026-01-02 10:06:04,096 - app.main - INFO -   Equipos URL: https://crmcotel.com.co/crm/Api/V8/custom/IA/equipos-info
2026-01-02 10:06:04,096 - app.main - INFO - 
2026-01-02 10:06:04,096 - app.main - INFO - Database API Configuration:
2026-01-02 10:06:04,096 - app.main - INFO -   API URL: 
2026-01-02 10:06:04,096 - app.main - INFO -   Schema: monitoreo_equipos
2026-01-02 10:06:04,098 - app.main - INFO -   Tabla origen: dispositivos
2026-01-02 10:06:04,098 - app.main - INFO -   Tabla destino: mantenimientos
2026-01-02 10:06:04,098 - app.main - INFO - 
2026-01-02 10:06:04,098 - app.main - INFO - Dispositivos Configuration:
2026-01-02 10:06:04,098 - app.main - INFO -   Campo serial: serial_number_device
2026-01-02 10:06:04,098 - app.main - INFO - 
2026-01-02 10:06:04,098 - app.main - INFO - Sync Configuration:
2026-01-02 10:06:04,098 - app.main - INFO -   Batch Size: 100
2026-01-02 10:06:04,098 - app.main - INFO -   Max Retries: 3
2026-01-02 10:06:04,098 - app.main - INFO - 
2026-01-02 10:07:17,776 - app.main - INFO - ================================================================================
2026-01-02 10:07:17,776 - app.main - INFO - [INICIO] Sync Mantenimientos Service v1.0.0
2026-01-02 10:07:17,776 - app.main - INFO - ================================================================================
2026-01-02 10:07:17,776 - app.main - INFO - Host: 0.0.0.0:8001
2026-01-02 10:07:17,776 - app.main - INFO - Debug: True
2026-01-02 10:07:17,776 - app.main - INFO - Log Level: INFO
2026-01-02 10:07:17,776 - app.main - INFO - 
2026-01-02 10:07:17,776 - app.main - INFO - CRM Configuration:
2026-01-02 10:07:17,776 - app.main - INFO -   Base URL: https://crmcotel.com.co
2026-01-02 10:07:17,776 - app.main - INFO -   Client ID: ...
2026-01-02 10:07:17,776 - app.main - INFO -   Token URL: https://crmcotel.com.co/crm/Api/access_token
2026-01-02 10:07:17,776 - app.main - INFO -   Equipos URL: https://crmcotel.com.co/crm/Api/V8/custom/IA/equipos-info
2026-01-02 10:07:17,776 - app.main - INFO - 
2026-01-02 10:07:17,776 - app.main - INFO - Database API Configuration:
2026-01-02 10:07:17,776 - app.main - INFO -   API URL: 
2026-01-02 10:07:17,776 - app.main - INFO -   Schema: monitoreo_equipos
2026-01-02 10:07:17,776 - app.main - INFO -   Tabla origen: dispositivos
2026-01-02 10:07:17,776 - app.main - INFO -   Tabla destino: mantenimientos
2026-01-02 10:07:17,776 - app.main - INFO - 
2026-01-02 10:07:17,776 - app.main - INFO - Dispositivos Configuration:
2026-01-02 10:07:17,776 - app.main - INFO -   Campo serial: serial_number_device
2026-01-02 10:07:17,776 - app.main - INFO - 
2026-01-02 10:07:17,776 - app.main - INFO - Sync Configuration:
2026-01-02 10:07:17,776 - app.main - INFO -   Batch Size: 100
2026-01-02 10:07:17,776 - app.main - INFO -   Max Retries: 3
2026-01-02 10:07:17,776 - app.main - INFO - 
